[    0.000000] Initializing cgroup subsys cpuset
[    0.000000] Initializing cgroup subsys cpu
[    0.000000] Initializing cgroup subsys cpuacct
[    0.000000] Linux version 3.16.84 (root@debianckodser) (gcc version 4.9.2 (Debian 4.9.2-10+deb8u2) ) #4 SMP Fri Mar 18 16:12:17 EDT 2022
[    0.000000] Command line: BOOT_IMAGE=/boot/vmlinuz-3.16.84 root=UUID=e12ca3d7-841f-4b63-9057-0573dac7dc2c ro quiet
[    0.000000] e820: BIOS-provided physical RAM map:
[    0.000000] BIOS-e820: [mem 0x0000000000000000-0x000000000009fbff] usable
[    0.000000] BIOS-e820: [mem 0x000000000009fc00-0x000000000009ffff] reserved
[    0.000000] BIOS-e820: [mem 0x00000000000f0000-0x00000000000fffff] reserved
[    0.000000] BIOS-e820: [mem 0x0000000000100000-0x00000000dffeffff] usable
[    0.000000] BIOS-e820: [mem 0x00000000dfff0000-0x00000000dfffffff] ACPI data
[    0.000000] BIOS-e820: [mem 0x00000000fec00000-0x00000000fec00fff] reserved
[    0.000000] BIOS-e820: [mem 0x00000000fee00000-0x00000000fee00fff] reserved
[    0.000000] BIOS-e820: [mem 0x00000000fffc0000-0x00000000ffffffff] reserved
[    0.000000] BIOS-e820: [mem 0x0000000100000000-0x00000001a21fffff] usable
[    0.000000] NX (Execute Disable) protection: active
[    0.000000] SMBIOS 2.5 present.
[    0.000000] DMI: innotek GmbH VirtualBox/VirtualBox, BIOS VirtualBox 12/01/2006
[    0.000000] Hypervisor detected: KVM
[    0.000000] e820: update [mem 0x00000000-0x00000fff] usable ==> reserved
[    0.000000] e820: remove [mem 0x000a0000-0x000fffff] usable
[    0.000000] AGP: No AGP bridge found
[    0.000000] e820: last_pfn = 0x1a2200 max_arch_pfn = 0x400000000
[    0.000000] MTRR default type: uncachable
[    0.000000] MTRR fixed ranges disabled:
[    0.000000]   00000-FFFFF uncachable
[    0.000000] MTRR variable ranges disabled:
[    0.000000]   0 disabled
[    0.000000]   1 disabled
[    0.000000]   2 disabled
[    0.000000]   3 disabled
[    0.000000]   4 disabled
[    0.000000]   5 disabled
[    0.000000]   6 disabled
[    0.000000]   7 disabled
[    0.000000] x86 PAT enabled: cpu 0, old 0x7040600070406, new 0x7010600070106
[    0.000000] CPU MTRRs all blank - virtualized system.
[    0.000000] e820: last_pfn = 0xdfff0 max_arch_pfn = 0x400000000
[    0.000000] found SMP MP-table at [mem 0x0009fff0-0x0009ffff] mapped at [ffff88000009fff0]
[    0.000000] Base memory trampoline at [ffff880000098000] 98000 size 28672
[    0.000000] init_memory_mapping: [mem 0x00000000-0x000fffff]
[    0.000000]  [mem 0x00000000-0x000fffff] page 4k
[    0.000000] BRK [0x01b15000, 0x01b15fff] PGTABLE
[    0.000000] BRK [0x01b16000, 0x01b16fff] PGTABLE
[    0.000000] BRK [0x01b17000, 0x01b17fff] PGTABLE
[    0.000000] init_memory_mapping: [mem 0x1a2000000-0x1a21fffff]
[    0.000000]  [mem 0x1a2000000-0x1a21fffff] page 2M
[    0.000000] BRK [0x01b18000, 0x01b18fff] PGTABLE
[    0.000000] init_memory_mapping: [mem 0x1a0000000-0x1a1ffffff]
[    0.000000]  [mem 0x1a0000000-0x1a1ffffff] page 2M
[    0.000000] init_memory_mapping: [mem 0x180000000-0x19fffffff]
[    0.000000]  [mem 0x180000000-0x19fffffff] page 2M
[    0.000000] init_memory_mapping: [mem 0x00100000-0xdffeffff]
[    0.000000]  [mem 0x00100000-0x001fffff] page 4k
[    0.000000]  [mem 0x00200000-0xdfdfffff] page 2M
[    0.000000]  [mem 0xdfe00000-0xdffeffff] page 4k
[    0.000000] init_memory_mapping: [mem 0x100000000-0x17fffffff]
[    0.000000]  [mem 0x100000000-0x17fffffff] page 2M
[    0.000000] BRK [0x01b19000, 0x01b19fff] PGTABLE
[    0.000000] BRK [0x01b1a000, 0x01b1afff] PGTABLE
[    0.000000] RAMDISK: [mem 0x24a64000-0x2e529fff]
[    0.000000] ACPI: Early table checksum verification disabled
[    0.000000] ACPI: RSDP 0x00000000000E0000 000024 (v02 VBOX  )
[    0.000000] ACPI: XSDT 0x00000000DFFF0030 00003C (v01 VBOX   VBOXXSDT 00000001 ASL  00000061)
[    0.000000] ACPI: FACP 0x00000000DFFF00F0 0000F4 (v04 VBOX   VBOXFACP 00000001 ASL  00000061)
[    0.000000] ACPI: DSDT 0x00000000DFFF0470 002325 (v02 VBOX   VBOXBIOS 00000002 INTL 20100528)
[    0.000000] ACPI: FACS 0x00000000DFFF0200 000040
[    0.000000] ACPI: FACS 0x00000000DFFF0200 000040
[    0.000000] ACPI: APIC 0x00000000DFFF0240 000054 (v02 VBOX   VBOXAPIC 00000001 ASL  00000061)
[    0.000000] ACPI: SSDT 0x00000000DFFF02A0 0001CC (v01 VBOX   VBOXCPUT 00000002 INTL 20100528)
[    0.000000] ACPI: Local APIC address 0xfee00000
[    0.000000] No NUMA configuration found
[    0.000000] Faking a node at [mem 0x0000000000000000-0x00000001a21fffff]
[    0.000000] Initmem setup node 0 [mem 0x00000000-0x1a21fffff]
[    0.000000]   NODE_DATA [mem 0x1a21f7000-0x1a21fbfff]
[    0.000000] kvm-clock: Using msrs 4b564d01 and 4b564d00
[    0.000000] kvm-clock: cpu 0, msr 1:a21ef001, primary cpu clock
[    0.000000]  [ffffea0000000000-ffffea0005dfffff] PMD -> [ffff88019b600000-ffff8801a0dfffff] on node 0
[    0.000000] Zone ranges:
[    0.000000]   DMA      [mem 0x00001000-0x00ffffff]
[    0.000000]   DMA32    [mem 0x01000000-0xffffffff]
[    0.000000]   Normal   [mem 0x100000000-0x1a21fffff]
[    0.000000] Movable zone start for each node
[    0.000000] Early memory node ranges
[    0.000000]   node   0: [mem 0x00001000-0x0009efff]
[    0.000000]   node   0: [mem 0x00100000-0xdffeffff]
[    0.000000]   node   0: [mem 0x100000000-0x1a21fffff]
[    0.000000] On node 0 totalpages: 1581454
[    0.000000]   DMA zone: 56 pages used for memmap
[    0.000000]   DMA zone: 22 pages reserved
[    0.000000]   DMA zone: 3998 pages, LIFO batch:0
[    0.000000]   DMA32 zone: 12488 pages used for memmap
[    0.000000]   DMA32 zone: 913392 pages, LIFO batch:31
[    0.000000]   Normal zone: 9079 pages used for memmap
[    0.000000]   Normal zone: 664064 pages, LIFO batch:31
[    0.000000] ACPI: PM-Timer IO Port: 0x4008
[    0.000000] ACPI: Local APIC address 0xfee00000
[    0.000000] ACPI: LAPIC (acpi_id[0x00] lapic_id[0x00] enabled)
[    0.000000] ACPI: IOAPIC (id[0x01] address[0xfec00000] gsi_base[0])
[    0.000000] IOAPIC[0]: apic_id 1, version 32, address 0xfec00000, GSI 0-23
[    0.000000] ACPI: INT_SRC_OVR (bus 0 bus_irq 0 global_irq 2 dfl dfl)
[    0.000000] ACPI: INT_SRC_OVR (bus 0 bus_irq 9 global_irq 9 low level)
[    0.000000] ACPI: IRQ0 used by override.
[    0.000000] ACPI: IRQ2 used by override.
[    0.000000] ACPI: IRQ9 used by override.
[    0.000000] Using ACPI (MADT) for SMP configuration information
[    0.000000] smpboot: Allowing 1 CPUs, 0 hotplug CPUs
[    0.000000] nr_irqs_gsi: 40
[    0.000000] PM: Registered nosave memory: [mem 0x0009f000-0x0009ffff]
[    0.000000] PM: Registered nosave memory: [mem 0x000a0000-0x000effff]
[    0.000000] PM: Registered nosave memory: [mem 0x000f0000-0x000fffff]
[    0.000000] PM: Registered nosave memory: [mem 0xdfff0000-0xdfffffff]
[    0.000000] PM: Registered nosave memory: [mem 0xe0000000-0xfebfffff]
[    0.000000] PM: Registered nosave memory: [mem 0xfec00000-0xfec00fff]
[    0.000000] PM: Registered nosave memory: [mem 0xfec01000-0xfedfffff]
[    0.000000] PM: Registered nosave memory: [mem 0xfee00000-0xfee00fff]
[    0.000000] PM: Registered nosave memory: [mem 0xfee01000-0xfffbffff]
[    0.000000] PM: Registered nosave memory: [mem 0xfffc0000-0xffffffff]
[    0.000000] e820: [mem 0xe0000000-0xfebfffff] available for PCI devices
[    0.000000] Booting paravirtualized kernel on KVM
[    0.000000] setup_percpu: NR_CPUS:512 nr_cpumask_bits:512 nr_cpu_ids:1 nr_node_ids:1
[    0.000000] PERCPU: Embedded 28 pages/cpu s85184 r8192 d21312 u2097152
[    0.000000] pcpu-alloc: s85184 r8192 d21312 u2097152 alloc=1*2097152
[    0.000000] pcpu-alloc: [0] 0 
[    0.000000] Built 1 zonelists in Node order, mobility grouping on.  Total pages: 1559809
[    0.000000] Policy zone: Normal
[    0.000000] Kernel command line: BOOT_IMAGE=/boot/vmlinuz-3.16.84 root=UUID=e12ca3d7-841f-4b63-9057-0573dac7dc2c ro quiet
[    0.000000] PID hash table entries: 4096 (order: 3, 32768 bytes)
[    0.000000] AGP: Checking aperture...
[    0.000000] AGP: No AGP bridge found
[    0.000000] Calgary: detecting Calgary via BIOS EBDA area
[    0.000000] Calgary: Unable to locate Rio Grande table in EBDA - bailing!
[    0.000000] Memory: 5999276K/6325816K available (5401K kernel code, 1020K rwdata, 1836K rodata, 1252K init, 848K bss, 326540K reserved)
[    0.000000] Kernel/User page tables isolation: enabled
[    0.000000] Hierarchical RCU implementation.
[    0.000000] 	RCU dyntick-idle grace-period acceleration is enabled.
[    0.000000] 	RCU restricting CPUs from NR_CPUS=512 to nr_cpu_ids=1.
[    0.000000] RCU: Adjusting geometry for rcu_fanout_leaf=16, nr_cpu_ids=1
[    0.000000] NR_IRQS:33024 nr_irqs:256 16
[    0.000000] Console: colour VGA+ 80x25
[    0.000000] console [tty0] enabled
[    0.000000] tsc: Detected 2208.006 MHz processor
[   12.375924] Calibrating delay loop (skipped) preset value.. 4416.01 BogoMIPS (lpj=8832024)
[   12.375927] pid_max: default: 32768 minimum: 301
[   12.375934] ACPI: Core revision 20140424
[   12.377411] ACPI: All ACPI Tables successfully acquired
[   12.377427] Security Framework initialized
[   12.377431] AppArmor: AppArmor disabled by boot time parameter
[   12.377432] Yama: disabled by default; enable with sysctl kernel.yama.*
[   12.377775] Dentry cache hash table entries: 1048576 (order: 11, 8388608 bytes)
[   12.396597] Inode-cache hash table entries: 524288 (order: 10, 4194304 bytes)
[   12.410379] Mount-cache hash table entries: 16384 (order: 5, 131072 bytes)
[   12.410385] Mountpoint-cache hash table entries: 16384 (order: 5, 131072 bytes)
[   12.412064] Initializing cgroup subsys memory
[   12.412067] Initializing cgroup subsys devices
[   12.412099] Initializing cgroup subsys freezer
[   12.412102] Initializing cgroup subsys net_cls
[   12.412132] Initializing cgroup subsys blkio
[   12.412135] Initializing cgroup subsys perf_event
[   12.412136] Initializing cgroup subsys net_prio
[   12.413186] CPU: Physical Processor ID: 0
[   12.413362] mce: CPU supports 0 MCE banks
[   12.413477] Last level iTLB entries: 4KB 64, 2MB 8, 4MB 8
Last level dTLB entries: 4KB 64, 2MB 0, 4MB 0, 1GB 4
[   12.413479] Spectre V1 : Mitigation: usercopy/swapgs barriers and __user pointer sanitization
[   12.413480] Spectre V2 : Mitigation: Full generic retpoline
[   12.413481] Spectre V2 : Spectre v2 / SpectreRSB mitigation: Filling RSB on context switch
[   12.413482] Speculative Store Bypass: Vulnerable
[   12.414154] MDS: Mitigation: Clear CPU buffers
[   12.521287] Freeing SMP alternatives memory: 20K (ffffffff81a3a000 - ffffffff81a3f000)
[   12.581954] ftrace: allocating 21866 entries in 86 pages
[   12.989079] ..TIMER: vector=0x30 apic1=0 pin1=2 apic2=-1 pin2=-1
[   12.989081] smpboot: CPU0: Intel(R) Core(TM) i7-8750H CPU @ 2.20GHz (fam: 06, model: 9e, stepping: 0a)
[   13.272537] APIC calibration not consistent with PM-Timer: 260ms instead of 100ms
[   13.272540] APIC delta adjusted to PM-Timer: 6233821 (16208818)
[   13.272919] Performance Events: unsupported p6 CPU model 158 no PMU driver, software events only.
[   13.275134] x86: Booted up 1 node, 1 CPUs
[   13.275136] smpboot: Total of 1 processors activated (4416.01 BogoMIPS)
[   13.278170] NMI watchdog: disabled (cpu0): hardware events not enabled
[   13.278475] devtmpfs: initialized
[   13.281767] futex hash table entries: 256 (order: 2, 16384 bytes)
[   13.283556] pinctrl core: initialized pinctrl subsystem
[   13.283679] NET: Registered protocol family 16
[   13.283861] cpuidle: using governor ladder
[   13.283863] cpuidle: using governor menu
[   13.283891] ACPI: bus type PCI registered
[   13.283892] acpiphp: ACPI Hot Plug PCI Controller Driver version: 0.5
[   13.284314] PCI: Using configuration type 1 for base access
[   13.286252] ACPI: Added _OSI(Module Device)
[   13.286253] ACPI: Added _OSI(Processor Device)
[   13.286254] ACPI: Added _OSI(3.0 _SCP Extensions)
[   13.286255] ACPI: Added _OSI(Processor Aggregator Device)
[   13.287550] ACPI: Executed 1 blocks of module-level executable AML code
[   13.291668] ACPI: Interpreter enabled
[   13.291672] ACPI Exception: AE_NOT_FOUND, While evaluating Sleep State [\_S1_] (20140424/hwxface-580)
[   13.291674] ACPI Exception: AE_NOT_FOUND, While evaluating Sleep State [\_S2_] (20140424/hwxface-580)
[   13.291677] ACPI Exception: AE_NOT_FOUND, While evaluating Sleep State [\_S3_] (20140424/hwxface-580)
[   13.291679] ACPI Exception: AE_NOT_FOUND, While evaluating Sleep State [\_S4_] (20140424/hwxface-580)
[   13.291683] ACPI: (supports S0 S5)
[   13.291684] ACPI: Using IOAPIC for interrupt routing
[   13.292051] PCI: Using host bridge windows from ACPI; if necessary, use "pci=nocrs" and report a bug
[   13.299964] ACPI: PCI Root Bridge [PCI0] (domain 0000 [bus 00-ff])
[   13.299968] acpi PNP0A03:00: _OSC: OS supports [ASPM ClockPM Segments MSI]
[   13.300713] acpi PNP0A03:00: _OSC: not requesting OS control; OS requires [ExtendedConfig ASPM ClockPM MSI]
[   13.300937] acpi PNP0A03:00: fail to add MMCONFIG information, can't access extended PCI configuration space under this bridge.
[   13.301547] PCI host bridge to bus 0000:00
[   13.301549] pci_bus 0000:00: root bus resource [bus 00-ff]
[   13.301551] pci_bus 0000:00: root bus resource [io  0x0000-0x0cf7]
[   13.301552] pci_bus 0000:00: root bus resource [io  0x0d00-0xffff]
[   13.301554] pci_bus 0000:00: root bus resource [mem 0x000a0000-0x000bffff]
[   13.301556] pci_bus 0000:00: root bus resource [mem 0xe0000000-0xfdffffff]
[   13.301698] pci 0000:00:00.0: [8086:1237] type 00 class 0x060000
[   13.303634] pci 0000:00:01.0: [8086:7000] type 00 class 0x060100
[   13.306321] pci 0000:00:01.1: [8086:7111] type 00 class 0x01018a
[   13.307598] pci 0000:00:01.1: reg 0x20: [io  0xd000-0xd00f]
[   13.308171] pci 0000:00:01.1: legacy IDE quirk: reg 0x10: [io  0x01f0-0x01f7]
[   13.308173] pci 0000:00:01.1: legacy IDE quirk: reg 0x14: [io  0x03f6]
[   13.308174] pci 0000:00:01.1: legacy IDE quirk: reg 0x18: [io  0x0170-0x0177]
[   13.308176] pci 0000:00:01.1: legacy IDE quirk: reg 0x1c: [io  0x0376]
[   13.308966] pci 0000:00:02.0: [15ad:0405] type 00 class 0x030000
[   13.310237] pci 0000:00:02.0: reg 0x10: [io  0xd010-0xd01f]
[   13.311253] pci 0000:00:02.0: reg 0x14: [mem 0xe0000000-0xe0ffffff pref]
[   13.312265] pci 0000:00:02.0: reg 0x18: [mem 0xf0000000-0xf01fffff]
[   13.317351] pci 0000:00:03.0: [8086:100e] type 00 class 0x020000
[   13.317898] pci 0000:00:03.0: reg 0x10: [mem 0xf0200000-0xf021ffff]
[   13.318436] pci 0000:00:03.0: reg 0x18: [io  0xd020-0xd027]
[   13.321154] pci 0000:00:04.0: [80ee:cafe] type 00 class 0x088000
[   13.321793] pci 0000:00:04.0: reg 0x10: [io  0xd040-0xd05f]
[   13.322332] pci 0000:00:04.0: reg 0x14: [mem 0xf0400000-0xf07fffff]
[   13.322915] pci 0000:00:04.0: reg 0x18: [mem 0xf0800000-0xf0803fff pref]
[   13.326199] pci 0000:00:05.0: [8086:2415] type 00 class 0x040100
[   13.326535] pci 0000:00:05.0: reg 0x10: [io  0xd100-0xd1ff]
[   13.326774] pci 0000:00:05.0: reg 0x14: [io  0xd200-0xd23f]
[   13.328607] pci 0000:00:06.0: [106b:003f] type 00 class 0x0c0310
[   13.328999] pci 0000:00:06.0: reg 0x10: [mem 0xf0804000-0xf0804fff]
[   13.331613] pci 0000:00:07.0: [8086:7113] type 00 class 0x068000
[   13.333486] pci 0000:00:07.0: quirk: [io  0x4000-0x403f] claimed by PIIX4 ACPI
[   13.333523] pci 0000:00:07.0: quirk: [io  0x4100-0x410f] claimed by PIIX4 SMB
[   13.334899] pci 0000:00:0d.0: [8086:2829] type 00 class 0x010601
[   13.335421] pci 0000:00:0d.0: reg 0x10: [io  0xd240-0xd247]
[   13.335679] pci 0000:00:0d.0: reg 0x14: [io  0xd248-0xd24b]
[   13.335936] pci 0000:00:0d.0: reg 0x18: [io  0xd250-0xd257]
[   13.336195] pci 0000:00:0d.0: reg 0x1c: [io  0xd258-0xd25b]
[   13.336479] pci 0000:00:0d.0: reg 0x20: [io  0xd260-0xd26f]
[   13.336738] pci 0000:00:0d.0: reg 0x24: [mem 0xf0806000-0xf0807fff]
[   13.341151] ACPI: PCI Interrupt Link [LNKA] (IRQs 5 9 10 *11)
[   13.341778] ACPI: PCI Interrupt Link [LNKB] (IRQs 5 9 *10 11)
[   13.341984] ACPI: PCI Interrupt Link [LNKC] (IRQs 5 *9 10 11)
[   13.342182] ACPI: PCI Interrupt Link [LNKD] (IRQs 5 9 10 *11)
[   13.342445] ACPI: Enabled 2 GPEs in block 00 to 07
[   13.342611] vgaarb: setting as boot device: PCI:0000:00:02.0
[   13.342613] vgaarb: device added: PCI:0000:00:02.0,decodes=io+mem,owns=io+mem,locks=none
[   13.342615] vgaarb: loaded
[   13.342616] vgaarb: bridge control possible 0000:00:02.0
[   13.342679] PCI: Using ACPI for IRQ routing
[   13.342680] PCI: pci_cache_line_size set to 64 bytes
[   13.343373] e820: reserve RAM buffer [mem 0x0009fc00-0x0009ffff]
[   13.343375] e820: reserve RAM buffer [mem 0xdfff0000-0xdfffffff]
[   13.343377] e820: reserve RAM buffer [mem 0x1a2200000-0x1a3ffffff]
[   13.343580] amd_nb: Cannot enumerate AMD northbridges
[   13.343588] Switched to clocksource kvm-clock
[   13.348370] pnp: PnP ACPI init
[   13.348394] ACPI: bus type PNP registered
[   13.348615] pnp 00:00: Plug and Play ACPI device, IDs PNP0303 (active)
[   13.348952] pnp 00:01: Plug and Play ACPI device, IDs PNP0f03 (active)
[   13.350208] pnp: PnP ACPI: found 2 devices
[   13.350209] ACPI: bus type PNP unregistered
[   13.358225] pci_bus 0000:00: resource 4 [io  0x0000-0x0cf7]
[   13.358227] pci_bus 0000:00: resource 5 [io  0x0d00-0xffff]
[   13.358229] pci_bus 0000:00: resource 6 [mem 0x000a0000-0x000bffff]
[   13.358230] pci_bus 0000:00: resource 7 [mem 0xe0000000-0xfdffffff]
[   13.358297] NET: Registered protocol family 2
[   13.358830] TCP established hash table entries: 65536 (order: 7, 524288 bytes)
[   13.360594] TCP bind hash table entries: 65536 (order: 8, 1048576 bytes)
[   13.363998] TCP: Hash tables configured (established 65536 bind 65536)
[   13.364441] TCP: reno registered
[   13.364448] UDP hash table entries: 4096 (order: 5, 131072 bytes)
[   13.364972] UDP-Lite hash table entries: 4096 (order: 5, 131072 bytes)
[   13.365546] NET: Registered protocol family 1
[   13.365556] pci 0000:00:00.0: Limiting direct PCI/PCI transfers
[   13.365661] pci 0000:00:01.0: Activating ISA DMA hang workarounds
[   13.365770] pci 0000:00:02.0: Video device with shadowed ROM
[   13.368955] PCI: CLS 0 bytes, default 64
[   13.369033] Unpacking initramfs...
[   17.118759] Freeing initrd memory: 158488K (ffff880024a64000 - ffff88002e52a000)
[   17.118769] PCI-DMA: Using software bounce buffering for IO (SWIOTLB)
[   17.118771] software IO TLB: mapped [mem 0xdbff0000-0xdfff0000] (64MB)
[   17.119861] platform rtc_cmos: registered platform RTC device (no PNP device found)
[   17.120272] audit: initializing netlink subsys (disabled)
[   17.120382] audit: type=2000 audit(1652269618.138:1): initialized
[   17.120727] HugeTLB registered 2 MB page size, pre-allocated 0 pages
[   17.120741] zbud: loaded
[   17.121066] VFS: Disk quotas dquot_6.5.2
[   17.121101] Dquot-cache hash table entries: 512 (order 0, 4096 bytes)
[   17.121212] msgmni has been set to 12026
[   17.121698] alg: No test for stdrng (krng)
[   17.121710] Block layer SCSI generic (bsg) driver version 0.4 loaded (major 252)
[   17.121793] io scheduler noop registered
[   17.121795] io scheduler deadline registered
[   17.121811] io scheduler cfq registered (default)
[   17.121860] pci_hotplug: PCI Hot Plug PCI Core version: 0.5
[   17.121870] pciehp: PCI Express Hot Plug Controller Driver version: 0.4
[   17.121884] intel_idle: does not run on family 6 model 158
[   17.121897] GHES: HEST is not enabled!
[   17.121957] Serial: 8250/16550 driver, 4 ports, IRQ sharing enabled
[   17.122723] Linux agpgart interface v0.103
[   17.122868] i8042: PNP: PS/2 Controller [PNP0303:PS2K,PNP0f03:PS2M] at 0x60,0x64 irq 1,12
[   17.126080] serio: i8042 KBD port at 0x60,0x64 irq 1
[   17.126084] serio: i8042 AUX port at 0x60,0x64 irq 12
[   17.126297] mousedev: PS/2 mouse device common for all mice
[   17.127997] rtc_cmos rtc_cmos: rtc core: registered rtc_cmos as rtc0
[   17.128521] rtc_cmos rtc_cmos: alarms up to one day, 114 bytes nvram
[   17.128531] ledtrig-cpu: registered to indicate activity on CPUs
[   17.128599] AMD IOMMUv2 driver by Joerg Roedel <joerg.roedel@amd.com>
[   17.128600] AMD IOMMUv2 functionality not available on this system
[   17.128706] TCP: cubic registered
[   17.128760] NET: Registered protocol family 10
[   17.129261] mip6: Mobile IPv6
[   17.129264] NET: Registered protocol family 17
[   17.129269] mpls_gso: MPLS GSO support
[   17.129562] registered taskstats version 1
[   17.130977] rtc_cmos rtc_cmos: setting system clock to 2022-05-11 11:46:45 UTC (1652269605)
[   17.131023] PM: Hibernation image not present or could not be loaded.
[   17.131591] Freeing unused kernel memory: 1252K (ffffffff81901000 - ffffffff81a3a000)
[   17.131593] Write protecting the kernel read-only data: 8192k
[   17.131737] Freeing unused kernel memory: 732K (ffff880001549000 - ffff880001600000)
[   17.132007] Freeing unused kernel memory: 212K (ffff8800017cb000 - ffff880001800000)
[   17.133853] input: AT Translated Set 2 keyboard as /devices/platform/i8042/serio0/input/input0
[   17.148205] systemd-udevd[55]: starting version 215
[   17.148503] random: systemd-udevd: uninitialized urandom read (16 bytes read, 3 bits of entropy available)
[   17.215826] e1000: Intel(R) PRO/1000 Network Driver - version 7.3.21-k8-NAPI
[   17.215827] e1000: Copyright (c) 1999-2006 Intel Corporation.
[   17.218775] SCSI subsystem initialized
[   17.801167] libata version 3.00 loaded.
[   17.878400] e1000 0000:00:03.0 eth0: (PCI:33MHz:32-bit) 08:00:27:83:f8:c9
[   17.878404] e1000 0000:00:03.0 eth0: Intel(R) PRO/1000 Network Connection
[   17.878532] piix4_smbus 0000:00:07.0: SMBus Host Controller at 0x4100, revision 0
[   17.878744] ahci 0000:00:0d.0: version 3.0
[   17.880181] ahci 0000:00:0d.0: SSS flag set, parallel bus scan disabled
[   17.880953] ahci 0000:00:0d.0: AHCI 0001.0100 32 slots 1 ports 3 Gbps 0x1 impl SATA mode
[   17.880955] ahci 0000:00:0d.0: flags: 64bit ncq stag only ccc 
[   17.886174] ACPI: bus type USB registered
[   17.886191] usbcore: registered new interface driver usbfs
[   17.886198] usbcore: registered new interface driver hub
[   17.886473] scsi0 : ahci
[   17.886910] ata1: SATA max UDMA/133 abar m8192@0xf0806000 port 0xf0806100 irq 21
[   17.886977] ata_piix 0000:00:01.1: version 2.13
[   17.888793] usbcore: registered new device driver usb
[   17.892243] scsi1 : ata_piix
[   17.892577] ehci_hcd: USB 2.0 'Enhanced' Host Controller (EHCI) Driver
[   17.894015] scsi2 : ata_piix
[   17.894044] ata2: PATA max UDMA/33 cmd 0x1f0 ctl 0x3f6 bmdma 0xd000 irq 14
[   17.894045] ata3: PATA max UDMA/33 cmd 0x170 ctl 0x376 bmdma 0xd008 irq 15
[   17.896282] ohci_hcd: USB 1.1 'Open' Host Controller (OHCI) Driver
[   17.896563] ehci-pci: EHCI PCI platform driver
[   17.897046] ohci-pci: OHCI PCI platform driver
[   17.898184] ohci-pci 0000:00:06.0: OHCI PCI host controller
[   17.898189] ohci-pci 0000:00:06.0: new USB bus registered, assigned bus number 1
[   17.898603] ohci-pci 0000:00:06.0: irq 22, io mem 0xf0804000
[   17.960687] usb usb1: New USB device found, idVendor=1d6b, idProduct=0001
[   17.960695] usb usb1: New USB device strings: Mfr=3, Product=2, SerialNumber=1
[   17.960700] usb usb1: Product: OHCI PCI host controller
[   17.960704] usb usb1: Manufacturer: Linux 3.16.84 ohci_hcd
[   17.960708] usb usb1: SerialNumber: 0000:00:06.0
[   17.961185] hub 1-0:1.0: USB hub found
[   17.961444] hub 1-0:1.0: 12 ports detected
[   18.085113] ata2.01: ATAPI: VBOX CD-ROM, 1.0, max UDMA/133
[   18.086561] ata2.01: configured for UDMA/33
[   18.122084] psmouse serio1: alps: Unknown ALPS touchpad: E7=10 00 64, EC=10 00 64
[   18.142131] input: ImExPS/2 Generic Explorer Mouse as /devices/platform/i8042/serio1/input/input2
[   18.221817] ata1: SATA link up 3.0 Gbps (SStatus 123 SControl 300)
[   18.222409] ata1.00: ATA-6: VBOX HARDDISK, 1.0, max UDMA/133
[   18.222411] ata1.00: 134217728 sectors, multi 128: LBA48 NCQ (depth 31/32)
[   18.223445] ata1.00: configured for UDMA/133
[   18.223501] scsi 0:0:0:0: Direct-Access     ATA      VBOX HARDDISK    1.0  PQ: 0 ANSI: 5
[   18.225003] scsi 1:0:1:0: CD-ROM            VBOX     CD-ROM           1.0  PQ: 0 ANSI: 5
[   18.235495] sd 0:0:0:0: [sda] 134217728 512-byte logical blocks: (68.7 GB/64.0 GiB)
[   18.235512] sd 0:0:0:0: [sda] Write Protect is off
[   18.235514] sd 0:0:0:0: [sda] Mode Sense: 00 3a 00 00
[   18.235521] sd 0:0:0:0: [sda] Write cache: enabled, read cache: enabled, doesn't support DPO or FUA
[   18.238772]  sda: sda1 sda2 < sda5 >
[   18.238978] sd 0:0:0:0: [sda] Attached SCSI disk
[   18.241576] sr0: scsi3-mmc drive: 32x/32x xa/form2 tray
[   18.241577] cdrom: Uniform CD-ROM driver Revision: 3.20
[   18.241807] sr 1:0:1:0: Attached scsi CD-ROM sr0
[   18.244068] sd 0:0:0:0: Attached scsi generic sg0 type 0
[   18.244106] sr 1:0:1:0: Attached scsi generic sg1 type 5
[   18.424887] usb 1-1: new full-speed USB device number 2 using ohci-pci
[   18.715843] usb 1-1: New USB device found, idVendor=80ee, idProduct=0021
[   18.715852] usb 1-1: New USB device strings: Mfr=1, Product=3, SerialNumber=0
[   18.715858] usb 1-1: Product: USB Tablet
[   18.715863] usb 1-1: Manufacturer: VirtualBox
[   18.730320] hidraw: raw HID events driver (C) Jiri Kosina
[   18.747681] usbcore: registered new interface driver usbhid
[   18.747683] usbhid: USB HID core driver
[   18.755256] input: VirtualBox USB Tablet as /devices/pci0000:00/0000:00:06.0/usb1/1-1/1-1:1.0/0003:80EE:0021.0001/input/input3
[   18.755366] hid-generic 0003:80EE:0021.0001: input,hidraw0: USB HID v1.10 Mouse [VirtualBox USB Tablet] on usb-0000:00:06.0-1/input0
[   20.800350] floppy0: no floppy controllers found
[   20.801013] work still pending
[   20.820830] PM: Starting manual resume from disk
[   20.820835] PM: Hibernation image partition 8:5 present
[   20.820837] PM: Looking for hibernation image.
[   20.822179] PM: Image not found (code -22)
[   20.822182] PM: Hibernation image not present or could not be loaded.
[   20.986285] EXT4-fs (sda1): mounted filesystem with ordered data mode. Opts: (null)
[   21.104920] random: systemd: uninitialized urandom read (16 bytes read, 55 bits of entropy available)
[   21.107014] systemd[1]: systemd 215 running in system mode. (+PAM +AUDIT +SELINUX +IMA +SYSVINIT +LIBCRYPTSETUP +GCRYPT +ACL +XZ -SECCOMP -APPARMOR)
[   21.107081] systemd[1]: Detected virtualization 'kvm'.
[   21.107086] systemd[1]: Detected architecture 'x86-64'.
[   21.138727] systemd[1]: Inserted module 'autofs4'
[   21.140471] systemd[1]: Set hostname to <debianckodser>.
[   21.185045] random: systemd-sysv-ge: uninitialized urandom read (16 bytes read, 57 bits of entropy available)
[   21.231898] random: systemd: uninitialized urandom read (16 bytes read, 58 bits of entropy available)
[   21.231999] random: systemd: uninitialized urandom read (16 bytes read, 58 bits of entropy available)
[   21.232058] random: systemd: uninitialized urandom read (16 bytes read, 58 bits of entropy available)
[   21.239558] random: systemd: uninitialized urandom read (16 bytes read, 58 bits of entropy available)
[   21.239605] random: systemd: uninitialized urandom read (16 bytes read, 58 bits of entropy available)
[   21.239626] random: systemd: uninitialized urandom read (16 bytes read, 58 bits of entropy available)
[   21.262381] random: systemd: uninitialized urandom read (16 bytes read, 58 bits of entropy available)
[   21.311616] systemd[1]: Cannot add dependency job for unit display-manager.service, ignoring: Unit display-manager.service failed to load: No such file or directory.
[   21.311778] systemd[1]: Starting Forward Password Requests to Wall Directory Watch.
[   21.311814] systemd[1]: Started Forward Password Requests to Wall Directory Watch.
[   21.311820] systemd[1]: Starting Remote File Systems (Pre).
[   21.311837] systemd[1]: Reached target Remote File Systems (Pre).
[   21.311842] systemd[1]: Starting Encrypted Volumes.
[   21.311846] systemd[1]: Reached target Encrypted Volumes.
[   21.311852] systemd[1]: Starting Dispatch Password Requests to Console Directory Watch.
[   21.311872] systemd[1]: Started Dispatch Password Requests to Console Directory Watch.
[   21.311883] systemd[1]: Starting Arbitrary Executable File Formats File System Automount Point.
[   21.311950] systemd[1]: Set up automount Arbitrary Executable File Formats File System Automount Point.
[   21.311956] systemd[1]: Expecting device dev-disk-by\x2duuid-4bc616a7\x2d24b6\x2d4dc3\x2db023\x2d92df95e73ea2.device...
[   21.311961] systemd[1]: Starting Root Slice.
[   21.311974] systemd[1]: Created slice Root Slice.
[   21.311978] systemd[1]: Starting User and Session Slice.
[   21.311997] systemd[1]: Created slice User and Session Slice.
[   21.312002] systemd[1]: Starting Delayed Shutdown Socket.
[   21.312017] systemd[1]: Listening on Delayed Shutdown Socket.
[   21.312022] systemd[1]: Starting /dev/initctl Compatibility Named Pipe.
[   21.312043] systemd[1]: Listening on /dev/initctl Compatibility Named Pipe.
[   21.312047] systemd[1]: Starting Journal Socket (/dev/log).
[   21.312064] systemd[1]: Listening on Journal Socket (/dev/log).
[   21.312070] systemd[1]: Starting udev Control Socket.
[   21.312082] systemd[1]: Listening on udev Control Socket.
[   21.312088] systemd[1]: Starting udev Kernel Socket.
[   21.312099] systemd[1]: Listening on udev Kernel Socket.
[   21.312103] systemd[1]: Starting Journal Socket.
[   21.312124] systemd[1]: Listening on Journal Socket.
[   21.312131] systemd[1]: Starting System Slice.
[   21.312149] systemd[1]: Created slice System Slice.
[   21.312156] systemd[1]: Started File System Check on Root Device.
[   21.312160] systemd[1]: Starting system-getty.slice.
[   21.312182] systemd[1]: Created slice system-getty.slice.
[   21.312193] systemd[1]: Starting Increase datagram queue length...
[   21.312483] systemd[1]: Starting Create list of required static device nodes for the current kernel...
[   21.312718] systemd[1]: Starting udev Coldplug all Devices...
[   21.312950] systemd[1]: Mounting Huge Pages File System...
[   21.315646] systemd[1]: Starting Load Kernel Modules...
[   21.315913] systemd[1]: Mounting Debug File System...
[   21.318080] systemd[1]: Started Set Up Additional Binary Formats.
[   21.318100] systemd[1]: Mounting POSIX Message Queue File System...
[   21.318343] systemd[1]: Starting Slices.
[   21.318351] systemd[1]: Reached target Slices.
[   21.348776] systemd[1]: Started Load Kernel Modules.
[   21.349193] systemd[1]: Mounted FUSE Control File System.
[   21.349207] systemd[1]: Starting Apply Kernel Variables...
[   21.350489] systemd[1]: Mounted Configuration File System.
[   21.357029] systemd[1]: Started Create list of required static device nodes for the current kernel.
[   21.357162] systemd[1]: Starting Create Static Device Nodes in /dev...
[   21.362948] systemd[1]: Started Apply Kernel Variables.
[   21.377054] systemd[1]: Started udev Coldplug all Devices.
[   21.402741] systemd[1]: Started Create Static Device Nodes in /dev.
[   21.402921] systemd[1]: Starting udev Kernel Device Manager...
[   21.413972] systemd[1]: Mounted POSIX Message Queue File System.
[   21.413989] systemd[1]: Mounted Debug File System.
[   21.414002] systemd[1]: Mounted Huge Pages File System.
[   21.414650] systemd[1]: Started Increase datagram queue length.
[   21.414835] systemd[1]: Starting Syslog Socket.
[   21.414856] systemd[1]: Listening on Syslog Socket.
[   21.414862] systemd[1]: Starting Journal Service...
[   21.415130] systemd[1]: Started Journal Service.
[   21.417613] systemd-udevd[144]: starting version 215
[   21.567237] input: Power Button as /devices/LNXSYSTM:00/LNXPWRBN:00/input/input4
[   21.567241] ACPI: Power Button [PWRF]
[   21.569029] ACPI: AC Adapter [AC] (on-line)
[   21.569228] input: Sleep Button as /devices/LNXSYSTM:00/LNXSLPBN:00/input/input5
[   21.569231] ACPI: Sleep Button [SLPF]
[   21.693054] ACPI: Battery Slot [BAT0] (battery present)
[   21.713630] input: PC Speaker as /devices/platform/pcspkr/input/input6
[   21.722801] ACPI: Video Device [GFX0] (multi-head: yes  rom: no  post: no)
[   21.723104] input: Video Bus as /devices/LNXSYSTM:00/LNXSYBUS:00/PNP0A03:00/LNXVIDEO:00/input/input7
[   21.808961] snd_intel8x0 0000:00:05.0: disable (unknown or VT-d) VM optimization
[   21.866602] ppdev: user-space parallel port driver
[   21.948392] [drm] Initialized drm 1.1.0 20060810
[   22.099641] Adding 2764796k swap on /dev/sda5.  Priority:-1 extents:1 across:2764796k FS
[   22.110648] snd_intel8x0 0000:00:05.0: white list rate for 1028:0177 is 48000
[   22.113302] [drm] DMA map mode: Using physical TTM page addresses.
[   22.113596] [drm] Capabilities:
[   22.113597] [drm]   Cursor.
[   22.113598] [drm]   Cursor bypass 2.
[   22.113599] [drm]   Alpha cursor.
[   22.113599] [drm]   3D.
[   22.113600] [drm]   Extended Fifo.
[   22.113601] [drm]   Pitchlock.
[   22.113601] [drm]   Irq mask.
[   22.113602] [drm]   GMR.
[   22.113603] [drm]   Traces.
[   22.113603] [drm]   GMR2.
[   22.113604] [drm]   Screen Object 2.
[   22.113605] [drm] Max GMR ids is 8192
[   22.113606] [drm] Max number of GMR pages is 1048576
[   22.113606] [drm] Max dedicated hypervisor surface memory is 507904 kiB
[   22.113607] [drm] Maximum display memory size is 16384 kiB
[   22.113608] [drm] VRAM at 0xe0000000 size is 16384 kiB
[   22.113609] [drm] MMIO at 0xf0000000 size is 2048 kiB
[   22.113610] [drm] global init.
[   22.117928] [TTM] Zone  kernel: Available graphics memory: 3079990 kiB
[   22.117930] [TTM] Zone   dma32: Available graphics memory: 2097152 kiB
[   22.117931] [TTM] Initializing pool allocator
[   22.117933] [TTM] Initializing DMA pool allocator
[   22.118393] [drm] Supports vblank timestamp caching Rev 2 (21.10.2013).
[   22.118394] [drm] No driver support for vblank timestamp query.
[   22.119309] [drm] Screen objects system initialized
[   22.119369] [drm] width 720
[   22.119404] [drm] height 400
[   22.119440] [drm] bpp 32
[   22.119918] [drm] Fifo max 0x00200000 min 0x00001000 cap 0x00000355
[   22.250208] fbcon: svgadrmfb (fb0) is primary device
[   22.253104] Console: switching to colour frame buffer device 100x37
[   22.254872] [drm] Initialized vmwgfx 2.6.0 20140325 for 0000:00:02.0 on minor 0
[   22.468488] EXT4-fs (sda1): re-mounted. Opts: errors=remount-ro
[   22.482311] systemd-journald[147]: Received request to flush runtime journal from PID 1
[   22.560474] random: nonblocking pool is initialized
[   24.800406] floppy0: no floppy controllers found
[   24.801073] work still pending
[   24.900261] e1000: eth0 NIC Link is Up 1000 Mbps Full Duplex, Flow Control: RX
[   25.285234] RPC: Registered named UNIX socket transport module.
[   25.285235] RPC: Registered udp transport module.
[   25.285236] RPC: Registered tcp transport module.
[   25.285237] RPC: Registered tcp NFSv4.1 backchannel transport module.
[   25.315762] FS-Cache: Loaded
[   25.394327] FS-Cache: Netfs 'nfs' registered for caching
[   25.467897] Installing knfsd (copyright (C) 1996 okir@monad.swb.de).
[ 6126.651987] threads[1069]: segfault at 0 ip 00000000004006d2 sp 00007f26fbe6df50 error 4 in threads[400000+1000]
[20447.983172] threads[1425]: segfault at 7f96000002d0 ip 00007f9680b2940a sp 00007fff525e22b0 error 4 in libpthread-2.19.so[7f9680b20000+18000]
[20509.501571] threads[1435]: segfault at 7fd8000002d0 ip 00007fd8e1a0a40a sp 00007ffeb8ee54e0 error 4 in libpthread-2.19.so[7fd8e1a01000+18000]
[26370.244731] usb 1-1: USB disconnect, device number 2
[26370.832024] usb 1-1: new full-speed USB device number 3 using ohci-pci
[26371.009028] e1000: eth0 NIC Link is Down
[26371.509430] usb 1-1: New USB device found, idVendor=80ee, idProduct=0021
[26371.509433] usb 1-1: New USB device strings: Mfr=1, Product=3, SerialNumber=0
[26371.509435] usb 1-1: Product: USB Tablet
[26371.509437] usb 1-1: Manufacturer: VirtualBox
[26371.816618] input: VirtualBox USB Tablet as /devices/pci0000:00/0000:00:06.0/usb1/1-1/1-1:1.0/0003:80EE:0021.0002/input/input8
[26371.860101] hid-generic 0003:80EE:0021.0002: input,hidraw0: USB HID v1.10 Mouse [VirtualBox USB Tablet] on usb-0000:00:06.0-1/input0
[26375.026398] e1000: eth0 NIC Link is Up 1000 Mbps Full Duplex, Flow Control: RX
[27770.533208] e1000: eth0 NIC Link is Down
[27772.538664] e1000: eth0 NIC Link is Up 1000 Mbps Full Duplex, Flow Control: RX
[28935.439362] Starting hooking open syscall ....
[28935.451007] BUG: unable to handle kernel NULL pointer dereference at 0000000000000808
[28935.451734] IP: [<ffffffffa0025031>] init_module+0x31/0x1000 [hook]
[28935.452436] PGD 0 
[28935.453153] Oops: 0000 [#1] SMP 
[28935.453919] Modules linked in: hook(O+) nfsd auth_rpcgss oid_registry nfs_acl nfs lockd fscache sunrpc vmwgfx ttm drm_kms_helper drm ppdev processor snd_intel8x0 joydev video thermal_sys pcspkr evdev serio_raw battery snd_ac97_codec snd_pcm snd_timer snd soundcore ac97_bus parport_pc parport ac button autofs4 ext4 crc16 mbcache jbd2 hid_generic usbhid hid sg sd_mod crc_t10dif crct10dif_generic crct10dif_common sr_mod cdrom ata_generic ohci_pci ehci_pci ohci_hcd ehci_hcd usbcore crc32c_intel ata_piix ahci libahci psmouse i2c_piix4 i2c_core libata scsi_mod usb_common e1000
[28935.458339] CPU: 0 PID: 2347 Comm: insmod Tainted: G           O  3.16.84 #4
[28935.459113] Hardware name: innotek GmbH VirtualBox/VirtualBox, BIOS VirtualBox 12/01/2006
[28935.459901] task: ffff88018c53d4f0 ti: ffff880199094000 task.ti: ffff880199094000
[28935.460546] RIP: 0010:[<ffffffffa0025031>]  [<ffffffffa0025031>] init_module+0x31/0x1000 [hook]
[28935.461206] RSP: 0018:ffff880199097d40  EFLAGS: 00010286
[28935.461920] RAX: 0000000000000000 RBX: ffffffff8181b040 RCX: 0000000000000000
[28935.462497] RDX: 0000000000000000 RSI: ffffffffa001ed0b RDI: ffffffffa02f3077
[28935.463161] RBP: ffff88002dffe920 R08: 0000000000000076 R09: ffffffff81708e95
[28935.463902] R10: ffffffff81708e95 R11: 000000000000022c R12: ffffffffa0025000
[28935.464658] R13: 0000000000000000 R14: ffffffffa02f4050 R15: 0000000000000001
[28935.465342] FS:  00007fa6bf563700(0000) GS:ffff8801a1e00000(0000) knlGS:0000000000000000
[28935.466010] CS:  0010 DS: 0000 ES: 0000 CR0: 0000000080040033
[28935.466721] CR2: 0000555d17045320 CR3: 000000018c8d6000 CR4: 0000000000020670
[28935.467261] Stack:
[28935.467877]  ffffffff8100214a 0000000000000001 0000000000000286 ffffffff81185d5d
[28935.468557]  000000000000003d ffff88018c899300 0000000000000001 ffffffffa02f4000
[28935.469219]  ffff880199097f00 00000000732fe7e2 ffff880199097f00 ffff880199097ef0
[28935.469894] Call Trace:
[28935.470824]  [<ffffffff8100214a>] ? do_one_initcall+0xda/0x210
[28935.471745]  [<ffffffff81185d5d>] ? free_vmap_area_noflush+0x2d/0x70
[28935.472428]  [<ffffffff810e58d0>] ? load_module+0x20e0/0x2750
[28935.473094]  [<ffffffff810e1220>] ? store_uevent+0x40/0x40
[28935.473764]  [<ffffffff810e60ad>] ? SyS_finit_module+0x7d/0xa0
[28935.474501]  [<ffffffff815412ac>] ? system_call_fast_compare_end+0x1c/0x21
[28935.475163] Code: a0 31 c0 e8 3c 4f 51 e1 e8 1d 0e 03 e1 66 90 48 25 ff ff fe ff 48 89 c7 e8 1d 0e 03 e1 66 90 48 c7 c7 76 30 2f a0 e8 6f 1b 0c e1 <48> 8b 90 08 08 00 00 48 89 05 21 f2 2c 00 48 c7 80 08 08 00 00 
[28935.477224] RIP  [<ffffffffa0025031>] init_module+0x31/0x1000 [hook]
[28935.477876]  RSP <ffff880199097d40>
[28935.478529] CR2: 0000000000000808
[28935.479210] ---[ end trace 346a814374d63d92 ]---
[32018.857717] usb 1-1: USB disconnect, device number 3
[32019.259745] traps: systemd-udevd[144] general protection ip:7f5559d20532 sp:7ffe2ff85f70 error:0 in libc-2.19.so[7f5559cea000+1a1000]
[32019.520186] systemd-udevd[3086]: starting version 215
[32020.000708] usb 1-1: new full-speed USB device number 4 using ohci-pci
[32020.384832] e1000: eth0 NIC Link is Down
[32020.950280] usb 1-1: New USB device found, idVendor=80ee, idProduct=0021
[32020.950916] usb 1-1: New USB device strings: Mfr=1, Product=3, SerialNumber=0
[32020.951532] usb 1-1: Product: USB Tablet
[32020.952146] usb 1-1: Manufacturer: VirtualBox
[32021.371228] input: VirtualBox USB Tablet as /devices/pci0000:00/0000:00:06.0/usb1/1-1/1-1:1.0/0003:80EE:0021.0003/input/input9
[32021.548208] hid-generic 0003:80EE:0021.0003: input,hidraw0: USB HID v1.10 Mouse [VirtualBox USB Tablet] on usb-0000:00:06.0-1/input0
[32022.390406] e1000: eth0 NIC Link is Up 1000 Mbps Full Duplex, Flow Control: RX
[32477.507880] usb 1-1: USB disconnect, device number 4
[32477.813338] e1000: eth0 NIC Link is Down
[32478.280539] usb 1-1: new full-speed USB device number 5 using ohci-pci
[32479.084993] usb 1-1: New USB device found, idVendor=80ee, idProduct=0021
[32479.085642] usb 1-1: New USB device strings: Mfr=1, Product=3, SerialNumber=0
[32479.086451] usb 1-1: Product: USB Tablet
[32479.087203] usb 1-1: Manufacturer: VirtualBox
[32479.493359] input: VirtualBox USB Tablet as /devices/pci0000:00/0000:00:06.0/usb1/1-1/1-1:1.0/0003:80EE:0021.0004/input/input10
[32479.681818] hid-generic 0003:80EE:0021.0004: input,hidraw0: USB HID v1.10 Mouse [VirtualBox USB Tablet] on usb-0000:00:06.0-1/input0
[32481.876845] e1000: eth0 NIC Link is Up 1000 Mbps Full Duplex, Flow Control: RX
[32614.348168] traps: bash[3067] general protection ip:7f33aaf49532 sp:7ffdfdcff5a0 error:0 in libc-2.19.so[7f33aaf13000+1a1000]
[33096.084088] Module started.
[33096.090070] BUG: unable to handle kernel NULL pointer dereference at 0000000000000808
[33096.090104] IP: [<ffffffffa04c5031>] open_hook_init+0x31/0x1000 [m]
[33096.090131] PGD 0 
[33096.090141] Oops: 0000 [#2] SMP 
[33096.090199] Modules linked in: m(O+) hook(O+) nfsd auth_rpcgss oid_registry nfs_acl nfs lockd fscache sunrpc vmwgfx ttm drm_kms_helper drm ppdev processor snd_intel8x0 joydev video thermal_sys pcspkr evdev serio_raw battery snd_ac97_codec snd_pcm snd_timer snd soundcore ac97_bus parport_pc parport ac button autofs4 ext4 crc16 mbcache jbd2 hid_generic usbhid hid sg sd_mod crc_t10dif crct10dif_generic crct10dif_common sr_mod cdrom ata_generic ohci_pci ehci_pci ohci_hcd ehci_hcd usbcore crc32c_intel ata_piix ahci libahci psmouse i2c_piix4 i2c_core libata scsi_mod usb_common e1000
[33096.090462] CPU: 0 PID: 4804 Comm: insmod Tainted: G      D    O  3.16.84 #4
[33096.090489] Hardware name: innotek GmbH VirtualBox/VirtualBox, BIOS VirtualBox 12/01/2006
[33096.090519] task: ffff88018c45cb00 ti: ffff88002e5fc000 task.ti: ffff88002e5fc000
[33096.090546] RIP: 0010:[<ffffffffa04c5031>]  [<ffffffffa04c5031>] open_hook_init+0x31/0x1000 [m]
[33096.090581] RSP: 0000:ffff88002e5ffd40  EFLAGS: 00010286
[33096.090601] RAX: 0000000000000000 RBX: ffffffff8181b040 RCX: 0000000000000000
[33096.091258] RDX: 0000000000000000 RSI: ffffffffa001ed0b RDI: ffffffffa04c104d
[33096.091803] RBP: ffff88002e41b520 R08: 0000000000000076 R09: ffffffff81708e95
[33096.092431] R10: ffffffff81708e95 R11: 0000000000000001 R12: ffffffffa04c5000
[33096.093014] R13: 0000000000000000 R14: ffffffffa04c2050 R15: 0000000000000001
[33096.093498] FS:  00007fc25e80f700(0000) GS:ffff8801a1e00000(0000) knlGS:0000000000000000
[33096.094122] CS:  0010 DS: 0000 ES: 0000 CR0: 0000000080040033
[33096.094853] CR2: 0000000000000808 CR3: 00000000d5be6000 CR4: 0000000000020670
[33096.095502] Stack:
[33096.096127]  ffffffff8100214a 0000000000000001 0000000000000282 ffffffff81185d5d
[33096.096791]  000000000000003d ffff8800c9afd580 0000000000000001 ffffffffa04c2000
[33096.097438]  ffff88002e5fff00 00000000b667b4e1 ffff88002e5fff00 ffff88002e5ffef0
[33096.098097] Call Trace:
[33096.098843]  [<ffffffff8100214a>] ? do_one_initcall+0xda/0x210
[33096.099562]  [<ffffffff81185d5d>] ? free_vmap_area_noflush+0x2d/0x70
[33096.100181]  [<ffffffff810e58d0>] ? load_module+0x20e0/0x2750
[33096.100860]  [<ffffffff810e1220>] ? store_uevent+0x40/0x40
[33096.101522]  [<ffffffff810e60ad>] ? SyS_finit_module+0x7d/0xa0
[33096.102231]  [<ffffffff815412ac>] ? system_call_fast_compare_end+0x1c/0x21
[33096.102883] Code: a0 31 c0 e8 3c 4f 07 e1 e8 1d 0e b9 e0 66 90 48 25 ff ff fe ff 48 89 c7 e8 1d 0e b9 e0 66 90 48 c7 c7 4c 10 4c a0 e8 6f 1b c2 e0 <48> 8b 90 08 08 00 00 48 89 05 21 d2 ff ff 48 c7 80 08 08 00 00 
[33096.104960] RIP  [<ffffffffa04c5031>] open_hook_init+0x31/0x1000 [m]
[33096.105698]  RSP <ffff88002e5ffd40>
[33096.106364] CR2: 0000000000000808
[33096.107045] ---[ end trace 346a814374d63d93 ]---
